// Jest Snapshot v1, https://goo.gl/fbAQLP

exports[`should correctly render LoadingPage 1`] = `
<div
  className="loader"
>
  <img
    alt="loading"
    className="loader__image"
    src="public/dist/loader.gif"
  />
</div>
`;
